
C:\Users\vchar>cd C:/

C:\>mkdir learn_git_again

C:\>cd learn_git_again

C:\learn_git_again>type NUL > third.txt

C:\learn_git_again>git init
Initialized empty Git repository in C:/learn_git_again/.git/

C:\learn_git_again>git add third.txt

C:\learn_git_again>git commit -m "Adding third.txt"
[master (root-commit) f7d9640] Adding third.txt
 1 file changed, 0 insertions(+), 0 deletions(-)
 create mode 100644 third.txt

C:\learn_git_again>git log
commit f7d964086c54bd547bb12ecf5a8a69c904233b00 (HEAD -> master)
Author: TestForEcho51 <Vcharris550@gmail.com>
Date:   Sun Sep 12 00:25:15 2021 -0400

    Adding third.txt

C:\learn_git_again>type nul > fourth.txt

C:\learn_git_again>git add fourth.txt

C:\learn_git_again>git commit -m "adding fourth"
[master 16ff2b0] adding fourth
 1 file changed, 0 insertions(+), 0 deletions(-)
 create mode 100644 fourth.txt

C:\learn_git_again>remove-section third.txt
'remove-section' is not recognized as an internal or external command,
operable program or batch file.

C:\learn_git_again>unset third.txt
'unset' is not recognized as an internal or external command,
operable program or batch file.

C:\learn_git_again>rm third.txt
'rm' is not recognized as an internal or external command,
operable program or batch file.

C:\learn_git_again>remove third.txt
'remove' is not recognized as an internal or external command,
operable program or batch file.

C:\learn_git_again>git rm third.txt
rm 'third.txt'

C:\learn_git_again>git commit -m "removed third"
[master 4c84312] removed third
 1 file changed, 0 insertions(+), 0 deletions(-)
 delete mode 100644 third.txt

C:\learn_git_again>git add third.txt
fatal: pathspec 'third.txt' did not match any files

C:\learn_git_again>git log
commit 4c84312a1b23f50a7811261a2a9ffb0431918e8a (HEAD -> master)
Author: TestForEcho51 <Vcharris550@gmail.com>
Date:   Sun Sep 12 00:29:51 2021 -0400

    removed third

commit 16ff2b04c6d5b16baf9dcb4cc7df20347199fc1c
Author: TestForEcho51 <Vcharris550@gmail.com>
Date:   Sun Sep 12 00:26:10 2021 -0400

    adding fourth

commit f7d964086c54bd547bb12ecf5a8a69c904233b00
Author: TestForEcho51 <Vcharris550@gmail.com>
Date:   Sun Sep 12 00:25:15 2021 -0400

    Adding third.txt

C:\learn_git_again>core.pager=cat
'core.pager' is not recognized as an internal or external command,
operable program or batch file.

C:\learn_git_again>--global core.pager=gat
'--global' is not recognized as an internal or external command,
operable program or batch file.

These are common Git commands used in various situations:

start a working area (see also: git help tutorial)
   clone             Clone a repository into a new directory
   init              Create an empty Git repository or reinitialize an existing one

work on the current change (see also: git help everyday)
   add               Add file contents to the index
   mv                Move or rename a file, a directory, or a symlink
   restore           Restore working tree files
   rm                Remove files from the working tree and from the index
   sparse-checkout   Initialize and modify the sparse-checkout

examine the history and state (see also: git help revisions)
   bisect            Use binary search to find the commit that introduced a bug
   diff              Show changes between commits, commit and working tree, etc
   grep              Print lines matching a pattern
   log               Show commit logs
   show              Show various types of objects
   status            Show the working tree status

grow, mark and tweak your common history
   branch            List, create, or delete branches
   commit            Record changes to the repository
   merge             Join two or more development histories together
   rebase            Reapply commits on top of another base tip
   reset             Reset current HEAD to the specified state
   switch            Switch branches
   tag               Create, list, delete or verify a tag object signed with GPG

collaborate (see also: git help workflows)
   fetch             Download objects and refs from another repository
   pull              Fetch from and integrate with another repository or a local branch
   push              Update remote refs along with associated objects


C:\learn_git_again>git config --global
usage: git config [<options>]

Config file location
    --global              use global config file
    --system              use system config file
    --local               use repository config file
    --worktree            use per-worktree config file
    -f, --file <file>     use given config file
    --blob <blob-id>      read config from given blob object

Action
    --get                 get value: name [value-pattern]
    --get-all             get all values: key [value-pattern]
    --get-regexp          get values for regexp: name-regex [value-pattern]
    --get-urlmatch        get value specific for the URL: section[.var] URL
    --replace-all         replace all matching variables: name value [value-pattern]
    --add                 add a new variable: name value
    --unset               remove a variable: name [value-pattern]
    --unset-all           remove all matches: name [value-pattern]
    --rename-section      rename section: old-name new-name
    --remove-section      remove a section: name
    -l, --list            list all
    --fixed-value         use string equality when comparing values to 'value-pattern'
    -e, --edit            open an editor
    --get-color           find the color configured: slot [default]
    --get-colorbool       find the color setting: slot [stdout-is-tty]

Type
    -t, --type <>         value is given this type
    --bool                value is "true" or "false"
    --int                 value is decimal number
    --bool-or-int         value is --bool or --int
    --bool-or-str         value is --bool or string
    --path                value is a path (file or directory name)
    --expiry-date         value is an expiry date

Other
    -z, --null            terminate values with NUL byte
    --name-only           show variable names only
    --includes            respect include directives on lookup
    --show-origin         show origin of config (file, standard input, blob, command line)
    --show-scope          show scope of config (worktree, local, global, system, command)
    --default <value>     with --get, use default value when missing entry


C:\learn_git_again>-e
'-e' is not recognized as an internal or external command,
operable program or batch file.

C:\learn_git_again>print
No file to print

C:\learn_git_again>print
No file to print

C:\learn_git_again>